Archive member included because of file (symbol)

e:/program files (x86)/atmel/atmel studio 6.0/extensions/atmel/avrgcc/3.3.2.31/avrtoolchain/bin/../lib/gcc/avr/4.5.1/avr5\libgcc.a(_exit.o)
                              e:/program files (x86)/atmel/atmel studio 6.0/extensions/atmel/avrgcc/3.3.2.31/avrtoolchain/bin/../lib/gcc/avr/4.5.1/../../../../avr/lib/avr5/crtm16a.o (exit)
e:/program files (x86)/atmel/atmel studio 6.0/extensions/atmel/avrgcc/3.3.2.31/avrtoolchain/bin/../lib/gcc/avr/4.5.1/avr5\libgcc.a(_copy_data.o)
                              DotMatrix_1.o (__do_copy_data)
e:/program files (x86)/atmel/atmel studio 6.0/extensions/atmel/avrgcc/3.3.2.31/avrtoolchain/bin/../lib/gcc/avr/4.5.1/avr5\libgcc.a(_clear_bss.o)
                              DotMatrix_1.o (__do_clear_bss)

Memory Configuration

Name             Origin             Length             Attributes
text             0x00000000         0x00020000         xr
data             0x00800060         0x0000ffa0         rw !x
eeprom           0x00810000         0x00010000         rw !x
fuse             0x00820000         0x00000400         rw !x
lock             0x00830000         0x00000400         rw !x
signature        0x00840000         0x00000400         rw !x
*default*        0x00000000         0xffffffff

Linker script and memory map

LOAD e:/program files (x86)/atmel/atmel studio 6.0/extensions/atmel/avrgcc/3.3.2.31/avrtoolchain/bin/../lib/gcc/avr/4.5.1/../../../../avr/lib/avr5/crtm16a.o
LOAD DotMatrix_1.o
START GROUP
LOAD e:/program files (x86)/atmel/atmel studio 6.0/extensions/atmel/avrgcc/3.3.2.31/avrtoolchain/bin/../lib/gcc/avr/4.5.1/../../../../avr/lib/avr5\libm.a
END GROUP
LOAD e:/program files (x86)/atmel/atmel studio 6.0/extensions/atmel/avrgcc/3.3.2.31/avrtoolchain/bin/../lib/gcc/avr/4.5.1/avr5\libgcc.a
LOAD e:/program files (x86)/atmel/atmel studio 6.0/extensions/atmel/avrgcc/3.3.2.31/avrtoolchain/bin/../lib/gcc/avr/4.5.1/../../../../avr/lib/avr5\libc.a
LOAD e:/program files (x86)/atmel/atmel studio 6.0/extensions/atmel/avrgcc/3.3.2.31/avrtoolchain/bin/../lib/gcc/avr/4.5.1/avr5\libgcc.a

.hash
 *(.hash)

.dynsym
 *(.dynsym)

.dynstr
 *(.dynstr)

.gnu.version
 *(.gnu.version)

.gnu.version_d
 *(.gnu.version_d)

.gnu.version_r
 *(.gnu.version_r)

.rel.init
 *(.rel.init)

.rela.init
 *(.rela.init)

.rel.text
 *(.rel.text)
 *(.rel.text.*)
 *(.rel.gnu.linkonce.t*)

.rela.text
 *(.rela.text)
 *(.rela.text.*)
 *(.rela.gnu.linkonce.t*)

.rel.fini
 *(.rel.fini)

.rela.fini
 *(.rela.fini)

.rel.rodata
 *(.rel.rodata)
 *(.rel.rodata.*)
 *(.rel.gnu.linkonce.r*)

.rela.rodata
 *(.rela.rodata)
 *(.rela.rodata.*)
 *(.rela.gnu.linkonce.r*)

.rel.data
 *(.rel.data)
 *(.rel.data.*)
 *(.rel.gnu.linkonce.d*)

.rela.data
 *(.rela.data)
 *(.rela.data.*)
 *(.rela.gnu.linkonce.d*)

.rel.ctors
 *(.rel.ctors)

.rela.ctors
 *(.rela.ctors)

.rel.dtors
 *(.rel.dtors)

.rela.dtors
 *(.rela.dtors)

.rel.got
 *(.rel.got)

.rela.got
 *(.rela.got)

.rel.bss
 *(.rel.bss)

.rela.bss
 *(.rela.bss)

.rel.plt
 *(.rel.plt)

.rela.plt
 *(.rela.plt)

.text           0x00000000      0x4ee
 *(.vectors)
 .vectors       0x00000000       0x54 e:/program files (x86)/atmel/atmel studio 6.0/extensions/atmel/avrgcc/3.3.2.31/avrtoolchain/bin/../lib/gcc/avr/4.5.1/../../../../avr/lib/avr5/crtm16a.o
                0x00000000                __vector_default
                0x00000000                __vectors
 *(.vectors)
 *(.progmem.gcc*)
 *(.progmem*)
                0x00000054                . = ALIGN (0x2)
                0x00000054                __trampolines_start = .
 *(.trampolines)
 .trampolines   0x00000054        0x0 linker stubs
 *(.trampolines*)
                0x00000054                __trampolines_end = .
 *(.jumptables)
 *(.jumptables*)
 *(.lowtext)
 *(.lowtext*)
                0x00000054                __ctors_start = .
 *(.ctors)
                0x00000054                __ctors_end = .
                0x00000054                __dtors_start = .
 *(.dtors)
                0x00000054                __dtors_end = .
 SORT(*)(.ctors)
 SORT(*)(.dtors)
 *(.init0)
 .init0         0x00000054        0x0 e:/program files (x86)/atmel/atmel studio 6.0/extensions/atmel/avrgcc/3.3.2.31/avrtoolchain/bin/../lib/gcc/avr/4.5.1/../../../../avr/lib/avr5/crtm16a.o
                0x00000054                __init
 *(.init0)
 *(.init1)
 *(.init1)
 *(.init2)
 .init2         0x00000054        0xc e:/program files (x86)/atmel/atmel studio 6.0/extensions/atmel/avrgcc/3.3.2.31/avrtoolchain/bin/../lib/gcc/avr/4.5.1/../../../../avr/lib/avr5/crtm16a.o
 *(.init2)
 *(.init3)
 *(.init3)
 *(.init4)
 .init4         0x00000060       0x16 e:/program files (x86)/atmel/atmel studio 6.0/extensions/atmel/avrgcc/3.3.2.31/avrtoolchain/bin/../lib/gcc/avr/4.5.1/avr5\libgcc.a(_copy_data.o)
                0x00000060                __do_copy_data
 .init4         0x00000076       0x10 e:/program files (x86)/atmel/atmel studio 6.0/extensions/atmel/avrgcc/3.3.2.31/avrtoolchain/bin/../lib/gcc/avr/4.5.1/avr5\libgcc.a(_clear_bss.o)
                0x00000076                __do_clear_bss
 *(.init4)
 *(.init5)
 *(.init5)
 *(.init6)
 *(.init6)
 *(.init7)
 *(.init7)
 *(.init8)
 *(.init8)
 *(.init9)
 .init9         0x00000086        0x8 e:/program files (x86)/atmel/atmel studio 6.0/extensions/atmel/avrgcc/3.3.2.31/avrtoolchain/bin/../lib/gcc/avr/4.5.1/../../../../avr/lib/avr5/crtm16a.o
 *(.init9)
 *(.text)
 .text          0x0000008e        0x4 e:/program files (x86)/atmel/atmel studio 6.0/extensions/atmel/avrgcc/3.3.2.31/avrtoolchain/bin/../lib/gcc/avr/4.5.1/../../../../avr/lib/avr5/crtm16a.o
                0x0000008e                __vector_1
                0x0000008e                __vector_12
                0x0000008e                __bad_interrupt
                0x0000008e                __vector_6
                0x0000008e                __vector_3
                0x0000008e                __vector_11
                0x0000008e                __vector_13
                0x0000008e                __vector_17
                0x0000008e                __vector_19
                0x0000008e                __vector_7
                0x0000008e                __vector_5
                0x0000008e                __vector_4
                0x0000008e                __vector_9
                0x0000008e                __vector_2
                0x0000008e                __vector_15
                0x0000008e                __vector_8
                0x0000008e                __vector_14
                0x0000008e                __vector_10
                0x0000008e                __vector_16
                0x0000008e                __vector_18
                0x0000008e                __vector_20
 .text          0x00000092      0x458 DotMatrix_1.o
                0x00000092                init
                0x000000c4                firstPlay
                0x00000162                secondPlay
                0x00000202                resetRow
                0x00000214                resetCol
                0x00000226                reset
                0x00000248                ScanButtonUp
                0x000002ae                ScanButtonDown
                0x00000314                ScanButtonRight
                0x0000037a                ScanButtonLeft
                0x000003e0                turnOnRow
                0x00000402                turnOffCol
                0x00000426                play
                0x0000044a                main
 .text          0x000004ea        0x0 e:/program files (x86)/atmel/atmel studio 6.0/extensions/atmel/avrgcc/3.3.2.31/avrtoolchain/bin/../lib/gcc/avr/4.5.1/avr5\libgcc.a(_exit.o)
 .text          0x000004ea        0x0 e:/program files (x86)/atmel/atmel studio 6.0/extensions/atmel/avrgcc/3.3.2.31/avrtoolchain/bin/../lib/gcc/avr/4.5.1/avr5\libgcc.a(_copy_data.o)
 .text          0x000004ea        0x0 e:/program files (x86)/atmel/atmel studio 6.0/extensions/atmel/avrgcc/3.3.2.31/avrtoolchain/bin/../lib/gcc/avr/4.5.1/avr5\libgcc.a(_clear_bss.o)
                0x000004ea                . = ALIGN (0x2)
 *(.text.*)
 .text.libgcc   0x000004ea        0x0 e:/program files (x86)/atmel/atmel studio 6.0/extensions/atmel/avrgcc/3.3.2.31/avrtoolchain/bin/../lib/gcc/avr/4.5.1/avr5\libgcc.a(_exit.o)
 .text.libgcc   0x000004ea        0x0 e:/program files (x86)/atmel/atmel studio 6.0/extensions/atmel/avrgcc/3.3.2.31/avrtoolchain/bin/../lib/gcc/avr/4.5.1/avr5\libgcc.a(_copy_data.o)
 .text.libgcc   0x000004ea        0x0 e:/program files (x86)/atmel/atmel studio 6.0/extensions/atmel/avrgcc/3.3.2.31/avrtoolchain/bin/../lib/gcc/avr/4.5.1/avr5\libgcc.a(_clear_bss.o)
                0x000004ea                . = ALIGN (0x2)
 *(.fini9)
 .fini9         0x000004ea        0x0 e:/program files (x86)/atmel/atmel studio 6.0/extensions/atmel/avrgcc/3.3.2.31/avrtoolchain/bin/../lib/gcc/avr/4.5.1/avr5\libgcc.a(_exit.o)
                0x000004ea                _exit
                0x000004ea                exit
 *(.fini9)
 *(.fini8)
 *(.fini8)
 *(.fini7)
 *(.fini7)
 *(.fini6)
 *(.fini6)
 *(.fini5)
 *(.fini5)
 *(.fini4)
 *(.fini4)
 *(.fini3)
 *(.fini3)
 *(.fini2)
 *(.fini2)
 *(.fini1)
 *(.fini1)
 *(.fini0)
 .fini0         0x000004ea        0x4 e:/program files (x86)/atmel/atmel studio 6.0/extensions/atmel/avrgcc/3.3.2.31/avrtoolchain/bin/../lib/gcc/avr/4.5.1/avr5\libgcc.a(_exit.o)
 *(.fini0)
                0x000004ee                _etext = .

.data           0x00800060        0x4 load address 0x000004ee
                0x00800060                PROVIDE (__data_start, .)
 *(.data)
 .data          0x00800060        0x0 e:/program files (x86)/atmel/atmel studio 6.0/extensions/atmel/avrgcc/3.3.2.31/avrtoolchain/bin/../lib/gcc/avr/4.5.1/../../../../avr/lib/avr5/crtm16a.o
 .data          0x00800060        0x4 DotMatrix_1.o
                0x00800060                i
                0x00800062                j
 .data          0x00800064        0x0 e:/program files (x86)/atmel/atmel studio 6.0/extensions/atmel/avrgcc/3.3.2.31/avrtoolchain/bin/../lib/gcc/avr/4.5.1/avr5\libgcc.a(_exit.o)
 .data          0x00800064        0x0 e:/program files (x86)/atmel/atmel studio 6.0/extensions/atmel/avrgcc/3.3.2.31/avrtoolchain/bin/../lib/gcc/avr/4.5.1/avr5\libgcc.a(_copy_data.o)
 .data          0x00800064        0x0 e:/program files (x86)/atmel/atmel studio 6.0/extensions/atmel/avrgcc/3.3.2.31/avrtoolchain/bin/../lib/gcc/avr/4.5.1/avr5\libgcc.a(_clear_bss.o)
 *(.data*)
 *(.rodata)
 *(.rodata*)
 *(.gnu.linkonce.d*)
                0x00800064                . = ALIGN (0x2)
                0x00800064                _edata = .
                0x00800064                PROVIDE (__data_end, .)

.bss            0x00800064        0x8
                0x00800064                PROVIDE (__bss_start, .)
 *(.bss)
 .bss           0x00800064        0x0 e:/program files (x86)/atmel/atmel studio 6.0/extensions/atmel/avrgcc/3.3.2.31/avrtoolchain/bin/../lib/gcc/avr/4.5.1/../../../../avr/lib/avr5/crtm16a.o
 .bss           0x00800064        0x8 DotMatrix_1.o
                0x00800064                pressed1
                0x00800066                pressed2
                0x00800068                pressed3
                0x0080006a                pressed4
 .bss           0x0080006c        0x0 e:/program files (x86)/atmel/atmel studio 6.0/extensions/atmel/avrgcc/3.3.2.31/avrtoolchain/bin/../lib/gcc/avr/4.5.1/avr5\libgcc.a(_exit.o)
 .bss           0x0080006c        0x0 e:/program files (x86)/atmel/atmel studio 6.0/extensions/atmel/avrgcc/3.3.2.31/avrtoolchain/bin/../lib/gcc/avr/4.5.1/avr5\libgcc.a(_copy_data.o)
 .bss           0x0080006c        0x0 e:/program files (x86)/atmel/atmel studio 6.0/extensions/atmel/avrgcc/3.3.2.31/avrtoolchain/bin/../lib/gcc/avr/4.5.1/avr5\libgcc.a(_clear_bss.o)
 *(.bss*)
 *(COMMON)
                0x0080006c                PROVIDE (__bss_end, .)
                0x000004ee                __data_load_start = LOADADDR (.data)
                0x000004f2                __data_load_end = (__data_load_start + SIZEOF (.data))

.noinit         0x0080006c        0x0
                0x0080006c                PROVIDE (__noinit_start, .)
 *(.noinit*)
                0x0080006c                PROVIDE (__noinit_end, .)
                0x0080006c                _end = .
                0x0080006c                PROVIDE (__heap_start, .)

.eeprom         0x00810000        0x0
 *(.eeprom*)
                0x00810000                __eeprom_end = .

.fuse
 *(.fuse)
 *(.lfuse)
 *(.hfuse)
 *(.efuse)

.lock
 *(.lock*)

.signature
 *(.signature*)

.stab           0x00000000      0x6cc
 *(.stab)
 .stab          0x00000000      0x6cc e:/program files (x86)/atmel/atmel studio 6.0/extensions/atmel/avrgcc/3.3.2.31/avrtoolchain/bin/../lib/gcc/avr/4.5.1/../../../../avr/lib/avr5/crtm16a.o

.stabstr        0x00000000       0x97
 *(.stabstr)
 .stabstr       0x00000000       0x97 e:/program files (x86)/atmel/atmel studio 6.0/extensions/atmel/avrgcc/3.3.2.31/avrtoolchain/bin/../lib/gcc/avr/4.5.1/../../../../avr/lib/avr5/crtm16a.o

.stab.excl
 *(.stab.excl)

.stab.exclstr
 *(.stab.exclstr)

.stab.index
 *(.stab.index)

.stab.indexstr
 *(.stab.indexstr)

.comment
 *(.comment)

.debug
 *(.debug)

.line
 *(.line)

.debug_srcinfo
 *(.debug_srcinfo)

.debug_sfnames
 *(.debug_sfnames)

.debug_aranges  0x00000000       0x20
 *(.debug_aranges)
 .debug_aranges
                0x00000000       0x20 DotMatrix_1.o

.debug_pubnames
                0x00000000      0x116
 *(.debug_pubnames)
 .debug_pubnames
                0x00000000      0x116 DotMatrix_1.o

.debug_info     0x00000000      0x802
 *(.debug_info)
 .debug_info    0x00000000      0x802 DotMatrix_1.o
 *(.gnu.linkonce.wi.*)

.debug_abbrev   0x00000000      0x209
 *(.debug_abbrev)
 .debug_abbrev  0x00000000      0x209 DotMatrix_1.o

.debug_line     0x00000000      0x895
 *(.debug_line)
 .debug_line    0x00000000      0x895 DotMatrix_1.o

.debug_frame    0x00000000       0xf0
 *(.debug_frame)
 .debug_frame   0x00000000       0xf0 DotMatrix_1.o

.debug_str      0x00000000      0x1bc
 *(.debug_str)
 .debug_str     0x00000000      0x1bc DotMatrix_1.o
                                0x1f0 (size before relaxing)

.debug_loc      0x00000000       0x97
 *(.debug_loc)
 .debug_loc     0x00000000       0x97 DotMatrix_1.o

.debug_macinfo
 *(.debug_macinfo)
OUTPUT(DotMatrix_1.elf elf32-avr)
LOAD linker stubs

.debug_pubtypes
                0x00000000       0x38
 .debug_pubtypes
                0x00000000       0x38 DotMatrix_1.o
